15:30:14 === hill-climb 시작. best=C:\hong\project-2\practice2\checkpoints\v10_best\walker_model_4300000_steps.zip (53.07 m) ===
15:30:14 round 1 : 학습 시작 pid=14260 from walker_model_4300000_steps.zip
15:32:58 round 1 : walker_model_4400000_steps.zip -> 50.2 m
15:35:22 round 1 : walker_model_4500000_steps.zip -> 48.55 m
15:37:48 round 1 : walker_model_4600000_steps.zip -> 49.89 m
15:39:48 round 1 : walker_model_4700000_steps.zip -> 45.79 m
15:42:12 round 1 : walker_model_4800000_steps.zip -> 47.01 m
15:44:11 round 1 : walker_model_4900000_steps.zip -> 42 m
15:44:11 round 1 : 6회 무개선 -> 최고점(53.07 m)에서 재추첨
15:44:17 round 2 : 학습 시작 pid=15524 from walker_model_4300000_steps.zip
15:47:00 round 2 : walker_model_4400000_steps.zip -> 42.02 m
15:48:20 round 2 : 학습 프로세스 사망. 재시작
15:48:25 round 3 : 학습 시작 pid=17468 from walker_model_4300000_steps.zip
15:51:08 round 3 : walker_model_4400000_steps.zip -> 34 m
15:53:09 round 3 : walker_model_4500000_steps.zip -> 28.59 m
15:55:30 round 3 : walker_model_4600000_steps.zip -> 45.27 m
15:57:53 round 3 : walker_model_4700000_steps.zip -> 26.47 m
15:59:50 round 3 : walker_model_4800000_steps.zip -> 11.9 m
16:02:09 round 3 : walker_model_4900000_steps.zip -> 47.9 m
16:02:09 round 3 : 6회 무개선 -> 최고점(53.07 m)에서 재추첨
16:02:15 round 4 : 학습 시작 pid=17936 from walker_model_4300000_steps.zip
16:04:57 round 4 : walker_model_4400000_steps.zip -> 45.71 m
16:07:18 round 4 : walker_model_4500000_steps.zip -> 40.21 m
16:09:18 round 4 : walker_model_4600000_steps.zip -> 45.85 m
16:11:37 round 4 : walker_model_4700000_steps.zip -> 46.77 m
16:13:58 round 4 : walker_model_4800000_steps.zip -> 47.71 m
